[SETUP] ML models found. Skipping training.

=======================================================
  [STARTUP] Food Supply Chain Loss Predictor
=======================================================
  URL: http://127.0.0.1:5000
=======================================================

 * Serving Flask app 'main'
 * Debug mode: off
python : WARNING: This is a development server. 
Do not use it in a production deployment. Use a 
production WSGI server instead.
At line:1 char:1
+ python main.py 2>&1 | Out-File -FilePath 
debug_new_3.log -Encoding ut ...
+ ~~~~~~~~~~~~~~~~~~~
    + CategoryInfo          : NotSpecified: (WARN 
   ING: This i...server instead.:String) [], Rem  
  oteException
    + FullyQualifiedErrorId : NativeCommandError
 
 * Running on all addresses (0.0.0.0)
 * Running on http://127.0.0.1:5000
 * Running on http://10.217.133.165:5000
Press CTRL+C to quit
